// Jest Snapshot v1, https://goo.gl/fbAQLP

exports[`Pruebas con GifGridItem Debe de mostrarse correctamente 1`] = `
<div>
  <h1>
    hola mundo
  </h1>
</div>
`;
